// Jest Snapshot v1, https://goo.gl/fbAQLP

exports[`Loading renders as expected 1`] = `
<div
  className="container"
>
  <div
    className="freetrial_description"
  >
    <div
      className="overlay"
    >
      <div
        className="spinner center"
      >
        <div
          className="spinner-blade"
        />
        <div
          className="spinner-blade"
        />
        <div
          className="spinner-blade"
        />
        <div
          className="spinner-blade"
        />
        <div
          className="spinner-blade"
        />
        <div
          className="spinner-blade"
        />
        <div
          className="spinner-blade"
        />
        <div
          className="spinner-blade"
        />
        <div
          className="spinner-blade"
        />
        <div
          className="spinner-blade"
        />
        <div
          className="spinner-blade"
        />
        <div
          className="spinner-blade"
        />
      </div>
    </div>
  </div>
</div>
`;
